[0217/084834.300:ERROR:os_crypt_win.cc(93)] Failed to decrypt: Key not valid for use in specified state. (0x8009000B)
[0217/085034.738:ERROR:gpu_init.cc(426)] Passthrough is not supported, GL is disabled
[0217/085427.281:WARNING:angle_platform_impl.cc(48)] HLSLCompiler.cpp:257 (compileToBinary): 
C:\fakepath(102,1-6): warning X4000: use of potentially uninitialized variable (dyn_index_vec4_float4)

[0217/085427.367:WARNING:angle_platform_impl.cc(48)] HLSLCompiler.cpp:257 (compileToBinary): 
C:\fakepath(135,1): warning X4000: use of potentially uninitialized variable (f_i)
C:\fakepath(137,1): warning X4000: use of potentially uninitialized variable (f_i)
C:\fakepath(173,1): warning X4000: use of potentially uninitialized variable (f_u)

[0217/085427.751:WARNING:angle_platform_impl.cc(48)] HLSLCompiler.cpp:257 (compileToBinary): 
C:\fakepath(165,1): warning X4000: use of potentially uninitialized variable (f_renderMipMapLevel)

[0217/085427.752:WARNING:angle_platform_impl.cc(48)] HLSLCompiler.cpp:257 (compileToBinary): 
C:\fakepath(165,1): warning X4000: use of potentially uninitialized variable (f_renderMipMapLevel)

[0217/085427.757:WARNING:angle_platform_impl.cc(48)] HLSLCompiler.cpp:257 (compileToBinary): 
C:\fakepath(165,1): warning X4000: use of potentially uninitialized variable (f_renderMipMapLevel)

[0217/085427.788:WARNING:angle_platform_impl.cc(48)] HLSLCompiler.cpp:257 (compileToBinary): 
C:\fakepath(94,23-33): warning X3595: gradient instruction used in a loop with varying iteration; partial derivatives may have undefined value
C:\fakepath(95,23-33): warning X3595: gradient instruction used in a loop with varying iteration; partial derivatives may have undefined value

[0217/085427.821:WARNING:angle_platform_impl.cc(48)] HLSLCompiler.cpp:257 (compileToBinary): 
C:\fakepath(381,10-38): warning X4008: floating point division by zero
C:\fakepath(381,10-38): warning X4008: floating point division by zero

[0217/085432.735:ERROR:gl_bindings_autogen_gl.cc(15540)] Trying to call glDeleteSync without current GL context
[0217/085432.735:ERROR:gl_bindings_autogen_gl.cc(15540)] Trying to call glDeleteSync without current GL context
[0217/085432.735:ERROR:gl_bindings_autogen_gl.cc(15540)] Trying to call glDeleteSync without current GL context
[0217/085432.735:ERROR:gl_bindings_autogen_gl.cc(15540)] Trying to call glDeleteSync without current GL context
[0217/085432.735:ERROR:gl_bindings_autogen_gl.cc(15540)] Trying to call glDeleteSync without current GL context
[0217/085432.735:ERROR:gl_bindings_autogen_gl.cc(15540)] Trying to call glDeleteSync without current GL context
[0217/085432.735:ERROR:gl_bindings_autogen_gl.cc(15540)] Trying to call glDeleteSync without current GL context
[0217/085432.735:ERROR:gl_bindings_autogen_gl.cc(15540)] Trying to call glDeleteSync without current GL context
[0217/085432.735:ERROR:gl_bindings_autogen_gl.cc(15540)] Trying to call glDeleteSync without current GL context
[0217/085432.735:ERROR:gl_bindings_autogen_gl.cc(15540)] Trying to call glDeleteSync without current GL context
[0217/085432.735:ERROR:gl_bindings_autogen_gl.cc(15540)] Trying to call glDeleteSync without current GL context
[0217/085432.735:ERROR:gl_bindings_autogen_gl.cc(15540)] Trying to call glDeleteSync without current GL context
[0217/101722.910:WARNING:angle_platform_impl.cc(48)] HLSLCompiler.cpp:257 (compileToBinary): 
C:\fakepath(102,1-6): warning X4000: use of potentially uninitialized variable (dyn_index_vec4_float4)

[0217/101723.007:WARNING:angle_platform_impl.cc(48)] HLSLCompiler.cpp:257 (compileToBinary): 
C:\fakepath(135,1): warning X4000: use of potentially uninitialized variable (f_i)
C:\fakepath(137,1): warning X4000: use of potentially uninitialized variable (f_i)
C:\fakepath(173,1): warning X4000: use of potentially uninitialized variable (f_u)

[0217/101727.232:WARNING:angle_platform_impl.cc(48)] HLSLCompiler.cpp:257 (compileToBinary): 
C:\fakepath(102,1-6): warning X4000: use of potentially uninitialized variable (dyn_index_vec4_float4)

[0217/101727.319:WARNING:angle_platform_impl.cc(48)] HLSLCompiler.cpp:257 (compileToBinary): 
C:\fakepath(135,1): warning X4000: use of potentially uninitialized variable (f_i)
C:\fakepath(137,1): warning X4000: use of potentially uninitialized variable (f_i)
C:\fakepath(173,1): warning X4000: use of potentially uninitialized variable (f_u)

[0217/101728.137:WARNING:angle_platform_impl.cc(48)] HLSLCompiler.cpp:257 (compileToBinary): 
C:\fakepath(165,1): warning X4000: use of potentially uninitialized variable (f_renderMipMapLevel)

